<testsuites name="results">
  <testsuite name="all" package="all">
    <property name="random_seed" value="1706627939" />
    <testcase name="test" classname="tb" file="C:\Users\Kimo Store\AppData\Roaming\Python\Python39\site-packages\pyuvm\extension_classes.py" lineno="5" time="17.157180309295654" sim_time_ns="3387000.001" ratio_time="197410.06039115557" />
  </testsuite>
</testsuites>
